<!DOCTYPE html>
<html lang="zh">
<head>
  <meta charset="utf-8">
  <title>盘前播报</title>
  <meta name="viewport" content="width=device-width, initial-scale=1">
  <style>
    body { font-family: -apple-system,BlinkMacSystemFont,'Segoe UI',sans-serif; margin: 2rem; color: #1f2933; }
    h1 { color: #2563eb; }
    h2 { margin-top: 2rem; }
    h3 { margin-top: 1.25rem; color: #1d4ed8; }
    table { border-collapse: collapse; width: 100%; margin-bottom: 1.5rem; }
    th, td { border: 1px solid #d1d5db; padding: 0.5rem; text-align: left; vertical-align: top; }
    th { background: #eff6ff; }
    a { color: #2563eb; text-decoration: none; }
    a:hover { text-decoration: underline; }
    .degraded { color: #d97706; font-weight: 600; }
    .score-main { font-weight: 600; }
    .score-sub { font-size: 0.85rem; color: #4b5563; margin-top: 0.2rem; }
    .badge { display: inline-block; margin-left: 0.3rem; padding: 0.12rem 0.45rem; border-radius: 999px; font-size: 0.7rem; font-weight: 600; }
    .badge-fallback { background: #fef3c7; color: #b45309; }
    .delta-up { color: #047857; }
    .delta-down { color: #b91c1c; }
    .source-note { font-size: 0.75rem; color: #6b7280; margin-top: 0.2rem; }
    .weights-list { list-style: none; padding-left: 0; margin-top: -0.5rem; }
    .weights-list li { margin: 0.4rem 0; }
    .status-table th { background: #f1f5f9; }
    .status-ok { color: #047857; font-weight: 600; }
    .status-fail { color: #b91c1c; font-weight: 600; }
    .event-empty { color: #6b7280; }
    .appendix-list { padding-left: 1.2rem; }
    .appendix-list li { margin-bottom: 0.4rem; }
  </style>
</head>
<body>
  <h1>盘前播报</h1>
  <p>日期：2024-04-01</p>
  
  <section>
    <h2>主题评分</h2>
    <table>
      <thead>
        <tr>
          <th>主题</th>
          <th>总分</th>
          <th>基本面</th>
          <th>估值</th>
          <th>情绪</th>
          <th>资金</th>
          <th>事件</th>
        </tr>
      </thead>
      <tbody>
      
        
        
        <tr>
          <td>AI</td>
          <td>
            <div class="score-main">82.3</div>
            
            
            <div class="score-sub">
              Δ <span class="delta-up">+2.5</span>
            </div>
            
            
            
            
            <div class="score-sub">
              
                ↗ 增持 -7.3
              
              
                 · 
                ↘ 减持 +37.3
              
            </div>
            
          </td>
          
            
            
            <td>
              <div class="score-main">78.0</div>
              
              
            </td>
          
            
            
            <td>
              <div class="score-main">65.0</div>
              
              
            </td>
          
            
            
            <td>
              <div class="score-main">58.0</div>
              
              
            </td>
          
            
            
            <td>
              <div class="score-main">62.0</div>
              
              
            </td>
          
            
            
            <td>
              <div class="score-main">55.0</div>
              
              
            </td>
          
        </tr>
      
      </tbody>
    </table>
    
      
      
      
      <p class="score-sub">
        策略阈值：
        增持 ≥ 85
        ，
        减持 ≤ 45
      </p>
      
    
  
    <h3>指标权重</h3>
    <ul class="weights-list">
      
        
        
        
        <li><strong>AI</strong>：
          
            基本面 30%，
          
            估值 15%，
          
            情绪 25%，
          
            资金 20%，
          
            事件 10%
          
        </li>
        
      
    </ul>
  
  </section>
  
  <section>
    <h2>建议动作</h2>
    <ul>
    
      <li><strong>增持</strong> AI —— 总分高于增持阈值</li>
    
    </ul>
  </section>
  
  
  <section>
    <h2>未来事件</h2>
    
      <ul>
      
        <li>2024-04-02 · 收益季焦点 · 影响级别：high</li>
      
      </ul>
    
  </section>
  
  <section>
    <h2>附录：指标口径与公式</h2>
    <h3>情绪打分</h3>
    <ul class="appendix-list">
      <li>Put/Call：对 CBOE 股票 Put/Call 取对数后，以历史均值及标准差标准化得到 <code>z</code>，再计算 <code>-tanh(z / 2)</code> 并映射为 <code>50 + 50 × (-tanh(z / 2))</code>。</li>
      <li>AAII：将多头减空头的差值标准化得到 <code>z</code>，取 <code>tanh(z / 2)</code> 后映射为 <code>50 + 50 × tanh(z / 2)</code>。</li>
      <li>综合情绪：取两项压缩结果的平均值，范围约 [-1, 1]，最终换算到 0–100 区间。</li>
    </ul>
    <h3>主题评分</h3>
    <p>每个主题包含基本面、估值、情绪、资金、事件五个一级因子，按配置权重求和：<code>total = Σ weight_k × breakdown_k</code>。Magnificent 7 使用市值、PE、ETF 流动等指标；BTC 主题额外纳入基差与资金流。</p>
    <h3>未来事件</h3>
    <p>事件列表汇总 Trading Economics 的 5 日宏观窗口，并结合 AI/RSS 与 arXiv 更新，帮助快速浏览即将发生的潜在催化。</p>
  </section>
  <footer>
    <p>报告自动生成时间：2024-04-01 12:00 UTC</p>
    
    
    <p>原始产物：
      <a href="raw_market.json" target="_blank" rel="noopener">raw_market.json</a>
       · 
      <a href="raw_events.json" target="_blank" rel="noopener">raw_events.json</a>
    </p>
  </footer>
</body>
</html>
